../Core/Src/DS18B20.c:15:13:DS18B20_SetOutput	24	static
../Core/Src/DS18B20.c:27:13:DS18B20_SetInput	24	static
../Core/Src/DS18B20.c:37:6:DS18B20_Init	8	static
../Core/Src/DS18B20.c:44:9:DS18B20_Reset	16	static
../Core/Src/DS18B20.c:62:6:DS18B20_WriteBit	16	static
../Core/Src/DS18B20.c:77:9:DS18B20_ReadBit	16	static
../Core/Src/DS18B20.c:95:6:DS18B20_WriteByte	24	static
../Core/Src/DS18B20.c:105:9:DS18B20_ReadByte	16	static
../Core/Src/DS18B20.c:118:9:DS18B20_ReadROM	32	static
../Core/Src/DS18B20.c:133:9:DS18B20_CheckCRC	24	static
../Core/Src/DS18B20.c:153:7:DS18B20_GetTemp	24	static
